Identidade
Paleta
Tipografia
Serviços
Aplicações
Manual de marca · versão 2 · 2026
Sistemas. Automação. Escala.
Transformamos processos manuais em sistemas inteligentes. Este manual reúne o que faz a marca ser reconhecida: símbolo, cores, letras e a forma como falamos dos nossos serviços.
Arraste o logotipo para girar
Conceito
O ponto que orbita.
O ponto da assinatura deixou de ser pontuação e virou satélite. Toda a marca conta uma história só: um núcleo sólido, sistemas em movimento ao redor dele e um detalhe dourado que dá a direção.
O planeta O núcleo do cliente: o negócio que precisa de estrutura.
As órbitas Os sistemas e automações em movimento. Na frente do planeta, elas se cruzam e formam o X de orbix.
O satélite O mesmo ponto dourado de "orbix. lab". Aparece uma vez, sempre com intenção.
Identidade
Versões do logotipo.
Use a assinatura horizontal sempre que houver espaço. O símbolo sozinho fica para ícones, avatares e espaços pequenos. Abaixo de 32 px, use o favicon simplificado, com uma órbita só.
orbix lab
Assinatura horizontal · fundo claro
orbix lab
Assinatura vertical
Símbolo · fundo claro
Símbolo · roxo profundo
Ícone de app · escuro
Ícone de app · roxo
Favicon · 64, 32 e 16 px
orbix lab
Monocromática · preto
orbix lab
Monocromática · branco sobre roxo
O que não fazer
Não troque as cores. O símbolo existe só nas versões deste manual.
Não estique nem distorça. Redimensione sempre na proporção.
Orbix Lab
Não escreva sem o ponto. A assinatura é "orbix. lab", em minúsculas.
Não use degradês nem fundos sem contraste atrás do logotipo.
Paleta
Quatro cores. Cada uma com um trabalho.
Preto e branco Orbix carregam a maior parte das telas. O roxo indica o que é clicável. O dourado é escasso de propósito: um detalhe por tela, no máximo.
Black Base, fundos escuros e textos
#07040D RGB 7 4 13
Purple Ações, botões e links
#5B35C8 RGB 91 53 200
Gold O ponto da assinatura e um destaque por tela
#D4A843 RGB 212 168 67
#F7F5FF RGB 247 245 255
Preto ~45% Branco ~35% Roxo ~17% Dourado ~3%
Cores derivadas
Purple Deep #1F0D5C
Purple Soft #8B6AE8
Purple Pale #EBE5FF
Gold Light #EDD07A
Gold Pale #F7EDD4
Combinações de contraste
Medidas pelo padrão WCAG. O roxo suave sobre o branco serve só para títulos grandes.
Aa 18,9 : 1 AAA
Aa 9,2 : 1 AAA
Aa 7,0 : 1 AAA
Aa 3,7 : 1 Só títulos grandes
Tipografia
Três famílias, três funções.
Outfit Títulos e assinatura. Pesos 700 a 900; 300 só no "lab".
Sistemas que escalam.
Automações
Processos repetitivos rodando sozinhos: atendimento, cobrança, relatórios e agentes de IA conectados às ferramentas que você já usa.
Mapeamento das tarefas manuais
Agentes de IA e integrações
Alertas e relatórios automáticos
Monitoramento das rotinas
Apps para seu site
Produto próprio: Orbix Declare
Agente de IA que lê carteiras Solana e Hyperliquid e monta a declaração mensal de cripto em reais. Criado no Crypto World's Fair da Colosseum.
Conhecer o Orbix Declare
Arraste para girar
Símbolo em 3D
Voxel, para movimento.
A versão em voxels do planeta traz a marca para abertura de vídeos, telas de carregamento e apresentações. Ela complementa o símbolo plano e nunca o substitui.
Use em fundo preto ou roxo profundo.
Gire devagar, com no máximo uma volta a cada 20 segundos.
Em documentos, cartões e ícones, use sempre o símbolo plano.
Aplicações
A marca no dia a dia.
orbix lab